Archive member included to satisfy reference by file (symbol)

c:/program files (x86)/atollic/truestudio for stm32 9.0.0/armtools/bin/../lib/gcc/arm-atollic-eabi/6.3.1/../../../../arm-atollic-eabi/lib/armv7-m\libc_nano.a(lib_a-init.o)
                              startup\startup_stm32f205xx.o (__libc_init_array)
c:/program files (x86)/atollic/truestudio for stm32 9.0.0/armtools/bin/../lib/gcc/arm-atollic-eabi/6.3.1/armv7-m\libgcc.a(_aeabi_uldivmod.o)
                              Drivers\STM32F2xx_HAL_Driver\Src\stm32f2xx_hal_rcc.o (__aeabi_uldivmod)
c:/program files (x86)/atollic/truestudio for stm32 9.0.0/armtools/bin/../lib/gcc/arm-atollic-eabi/6.3.1/armv7-m\libgcc.a(_udivmoddi4.o)
                              c:/program files (x86)/atollic/truestudio for stm32 9.0.0/armtools/bin/../lib/gcc/arm-atollic-eabi/6.3.1/armv7-m\libgcc.a(_aeabi_uldivmod.o) (__udivmoddi4)
c:/program files (x86)/atollic/truestudio for stm32 9.0.0/armtools/bin/../lib/gcc/arm-atollic-eabi/6.3.1/armv7-m\libgcc.a(_dvmd_tls.o)
                              c:/program files (x86)/atollic/truestudio for stm32 9.0.0/armtools/bin/../lib/gcc/arm-atollic-eabi/6.3.1/armv7-m\libgcc.a(_aeabi_uldivmod.o) (__aeabi_ldiv0)

Allocating common symbols
Common symbol       size              file

uwTick              0x4               Drivers\STM32F2xx_HAL_Driver\Src\stm32f2xx_hal.o
pFlash              0x20              Drivers\STM32F2xx_HAL_Driver\Src\stm32f2xx_hal_flash.o
hcan1               0x44              Src\main.o

Discarded input sections

 .text          0x00000000        0x0 c:/program files (x86)/atollic/truestudio for stm32 9.0.0/armtools/bin/../lib/gcc/arm-atollic-eabi/6.3.1/armv7-m/crti.o
 .data          0x00000000        0x0 c:/program files (x86)/atollic/truestudio for stm32 9.0.0/armtools/bin/../lib/gcc/arm-atollic-eabi/6.3.1/armv7-m/crti.o
 .bss           0x00000000        0x0 c:/program files (x86)/atollic/truestudio for stm32 9.0.0/armtools/bin/../lib/gcc/arm-atollic-eabi/6.3.1/armv7-m/crti.o
 .data          0x00000000        0x4 c:/program files (x86)/atollic/truestudio for stm32 9.0.0/armtools/bin/../lib/gcc/arm-atollic-eabi/6.3.1/armv7-m/crtbegin.o
 .text          0x00000000        0x0 Drivers\STM32F2xx_HAL_Driver\Src\stm32f2xx_hal.o
 .data          0x00000000        0x0 Drivers\STM32F2xx_HAL_Driver\Src\stm32f2xx_hal.o
 .bss           0x00000000        0x0 Drivers\STM32F2xx_HAL_Driver\Src\stm32f2xx_hal.o
 .text.HAL_MspInit
                0x00000000        0x2 Drivers\STM32F2xx_HAL_Driver\Src\stm32f2xx_hal.o
 .text.HAL_MspDeInit
                0x00000000        0x2 Drivers\STM32F2xx_HAL_Driver\Src\stm32f2xx_hal.o
 .text.HAL_DeInit
                0x00000000       0x2c Drivers\STM32F2xx_HAL_Driver\Src\stm32f2xx_hal.o
 .text.HAL_Delay
                0x00000000       0x20 Drivers\STM32F2xx_HAL_Driver\Src\stm32f2xx_hal.o
 .text.HAL_SuspendTick
                0x00000000       0x10 Drivers\STM32F2xx_HAL_Driver\Src\stm32f2xx_hal.o
 .text.HAL_ResumeTick
                0x00000000       0x10 Drivers\STM32F2xx_HAL_Driver\Src\stm32f2xx_hal.o
 .text.HAL_GetHalVersion
                0x00000000        0x8 Drivers\STM32F2xx_HAL_Driver\Src\stm32f2xx_hal.o
 .text.HAL_GetREVID
                0x00000000        0xc Drivers\STM32F2xx_HAL_Driver\Src\stm32f2xx_hal.o
 .text.HAL_GetDEVID
                0x00000000       0x10 Drivers\STM32F2xx_HAL_Driver\Src\stm32f2xx_hal.o
 .text.HAL_DBGMCU_EnableDBGSleepMode
                0x00000000       0x10 Drivers\STM32F2xx_HAL_Driver\Src\stm32f2xx_hal.o
 .text.HAL_DBGMCU_DisableDBGSleepMode
                0x00000000       0x10 Drivers\STM32F2xx_HAL_Driver\Src\stm32f2xx_hal.o
 .text.HAL_DBGMCU_EnableDBGStopMode
                0x00000000       0x10 Drivers\STM32F2xx_HAL_Driver\Src\stm32f2xx_hal.o
 .text.HAL_DBGMCU_DisableDBGStopMode
                0x00000000       0x10 Drivers\STM32F2xx_HAL_Driver\Src\stm32f2xx_hal.o
 .text.HAL_DBGMCU_EnableDBGStandbyMode
                0x00000000       0x10 Drivers\STM32F2xx_HAL_Driver\Src\stm32f2xx_hal.o
 .text.HAL_DBGMCU_DisableDBGStandbyMode
                0x00000000       0x10 Drivers\STM32F2xx_HAL_Driver\Src\stm32f2xx_hal.o
 .text.HAL_EnableCompensationCell
                0x00000000       0x18 Drivers\STM32F2xx_HAL_Driver\Src\stm32f2xx_hal.o
 .text.HAL_DisableCompensationCell
                0x00000000       0x1c Drivers\STM32F2xx_HAL_Driver\Src\stm32f2xx_hal.o
 .text.HAL_GetUID
                0x00000000       0x20 Drivers\STM32F2xx_HAL_Driver\Src\stm32f2xx_hal.o
 .text          0x00000000        0x0 Drivers\STM32F2xx_HAL_Driver\Src\stm32f2xx_hal_can.o
 .data          0x00000000        0x0 Drivers\STM32F2xx_HAL_Driver\Src\stm32f2xx_hal_can.o
 .bss           0x00000000        0x0 Drivers\STM32F2xx_HAL_Driver\Src\stm32f2xx_hal_can.o
 .text.HAL_CAN_ConfigFilter
                0x00000000      0x100 Drivers\STM32F2xx_HAL_Driver\Src\stm32f2xx_hal_can.o
 .text.HAL_CAN_MspInit
                0x00000000        0x2 Drivers\STM32F2xx_HAL_Driver\Src\stm32f2xx_hal_can.o
 .text.HAL_CAN_MspDeInit
                0x00000000        0x2 Drivers\STM32F2xx_HAL_Driver\Src\stm32f2xx_hal_can.o
 .text.HAL_CAN_DeInit
                0x00000000       0x20 Drivers\STM32F2xx_HAL_Driver\Src\stm32f2xx_hal_can.o
 .text.HAL_CAN_Transmit
                0x00000000      0x1a0 Drivers\STM32F2xx_HAL_Driver\Src\stm32f2xx_hal_can.o
 .text.HAL_CAN_Transmit_IT
                0x00000000       0xf0 Drivers\STM32F2xx_HAL_Driver\Src\stm32f2xx_hal_can.o
 .text.HAL_CAN_Receive
                0x00000000      0x1b8 Drivers\STM32F2xx_HAL_Driver\Src\stm32f2xx_hal_can.o
 .text.HAL_CAN_Receive_IT
                0x00000000       0xb4 Drivers\STM32F2xx_HAL_Driver\Src\stm32f2xx_hal_can.o
 .text.HAL_CAN_Sleep
                0x00000000       0x72 Drivers\STM32F2xx_HAL_Driver\Src\stm32f2xx_hal_can.o
 .text.HAL_CAN_WakeUp
                0x00000000       0x68 Drivers\STM32F2xx_HAL_Driver\Src\stm32f2xx_hal_can.o
 .text.HAL_CAN_TxCpltCallback
                0x00000000        0x2 Drivers\STM32F2xx_HAL_Driver\Src\stm32f2xx_hal_can.o
 .text.HAL_CAN_RxCpltCallback
                0x00000000        0x2 Drivers\STM32F2xx_HAL_Driver\Src\stm32f2xx_hal_can.o
 .text.CAN_Receive_IT
                0x00000000      0x100 Drivers\STM32F2xx_HAL_Driver\Src\stm32f2xx_hal_can.o
 .text.HAL_CAN_ErrorCallback
                0x00000000        0x2 Drivers\STM32F2xx_HAL_Driver\Src\stm32f2xx_hal_can.o
 .text.HAL_CAN_IRQHandler
                0x00000000      0x1d8 Drivers\STM32F2xx_HAL_Driver\Src\stm32f2xx_hal_can.o
 .text.HAL_CAN_GetState
                0x00000000        0x6 Drivers\STM32F2xx_HAL_Driver\Src\stm32f2xx_hal_can.o
 .text.HAL_CAN_GetError
                0x00000000        0x4 Drivers\STM32F2xx_HAL_Driver\Src\stm32f2xx_hal_can.o
 .text          0x00000000        0x0 Drivers\STM32F2xx_HAL_Driver\Src\stm32f2xx_hal_cortex.o
 .data          0x00000000        0x0 Drivers\STM32F2xx_HAL_Driver\Src\stm32f2xx_hal_cortex.o
 .bss           0x00000000        0x0 Drivers\STM32F2xx_HAL_Driver\Src\stm32f2xx_hal_cortex.o
 .text.HAL_NVIC_EnableIRQ
                0x00000000       0x18 Drivers\STM32F2xx_HAL_Driver\Src\stm32f2xx_hal_cortex.o
 .text.HAL_NVIC_DisableIRQ
                0x00000000       0x1c Drivers\STM32F2xx_HAL_Driver\Src\stm32f2xx_hal_cortex.o
 .text.HAL_NVIC_SystemReset
                0x00000000       0x24 Drivers\STM32F2xx_HAL_Driver\Src\stm32f2xx_hal_cortex.o
 .text.HAL_MPU_Disable
                0x00000000       0x20 Drivers\STM32F2xx_HAL_Driver\Src\stm32f2xx_hal_cortex.o
 .text.HAL_MPU_Enable
                0x00000000       0x24 Drivers\STM32F2xx_HAL_Driver\Src\stm32f2xx_hal_cortex.o
 .text.HAL_MPU_ConfigRegion
                0x00000000       0x50 Drivers\STM32F2xx_HAL_Driver\Src\stm32f2xx_hal_cortex.o
 .text.HAL_NVIC_GetPriorityGrouping
                0x00000000       0x10 Drivers\STM32F2xx_HAL_Driver\Src\stm32f2xx_hal_cortex.o
 .text.HAL_NVIC_GetPriority
                0x00000000       0x5c Drivers\STM32F2xx_HAL_Driver\Src\stm32f2xx_hal_cortex.o
 .text.HAL_NVIC_SetPendingIRQ
                0x00000000       0x1c Drivers\STM32F2xx_HAL_Driver\Src\stm32f2xx_hal_cortex.o
 .text.HAL_NVIC_GetPendingIRQ
                0x00000000       0x1c Drivers\STM32F2xx_HAL_Driver\Src\stm32f2xx_hal_cortex.o
 .text.HAL_NVIC_ClearPendingIRQ
                0x00000000       0x1c Drivers\STM32F2xx_HAL_Driver\Src\stm32f2xx_hal_cortex.o
 .text.HAL_NVIC_GetActive
                0x00000000       0x1c Drivers\STM32F2xx_HAL_Driver\Src\stm32f2xx_hal_cortex.o
 .text          0x00000000        0x0 Drivers\STM32F2xx_HAL_Driver\Src\stm32f2xx_hal_dma.o
 .data          0x00000000        0x0 Drivers\STM32F2xx_HAL_Driver\Src\stm32f2xx_hal_dma.o
 .bss           0x00000000        0x0 Drivers\STM32F2xx_HAL_Driver\Src\stm32f2xx_hal_dma.o
 .text.DMA_CalcBaseAndBitshift
                0x00000000       0x2c Drivers\STM32F2xx_HAL_Driver\Src\stm32f2xx_hal_dma.o
 .text.HAL_DMA_Init
                0x00000000       0xfc Drivers\STM32F2xx_HAL_Driver\Src\stm32f2xx_hal_dma.o
 .text.HAL_DMA_DeInit
                0x00000000       0x48 Drivers\STM32F2xx_HAL_Driver\Src\stm32f2xx_hal_dma.o
 .text.HAL_DMA_Start
                0x00000000       0x52 Drivers\STM32F2xx_HAL_Driver\Src\stm32f2xx_hal_dma.o
 .text.HAL_DMA_Start_IT
                0x00000000       0x7e Drivers\STM32F2xx_HAL_Driver\Src\stm32f2xx_hal_dma.o
 .text.HAL_DMA_Abort
                0x00000000       0x86 Drivers\STM32F2xx_HAL_Driver\Src\stm32f2xx_hal_dma.o
 .text.HAL_DMA_Abort_IT
                0x00000000       0x24 Drivers\STM32F2xx_HAL_Driver\Src\stm32f2xx_hal_dma.o
 .text.HAL_DMA_PollForTransfer
                0x00000000      0x112 Drivers\STM32F2xx_HAL_Driver\Src\stm32f2xx_hal_dma.o
 .text.HAL_DMA_IRQHandler
                0x00000000      0x174 Drivers\STM32F2xx_HAL_Driver\Src\stm32f2xx_hal_dma.o
 .text.HAL_DMA_RegisterCallback
                0x00000000       0x50 Drivers\STM32F2xx_HAL_Driver\Src\stm32f2xx_hal_dma.o
 .text.HAL_DMA_UnRegisterCallback
                0x00000000       0x5c Drivers\STM32F2xx_HAL_Driver\Src\stm32f2xx_hal_dma.o
 .text.HAL_DMA_GetState
                0x00000000        0x6 Drivers\STM32F2xx_HAL_Driver\Src\stm32f2xx_hal_dma.o
 .text.HAL_DMA_GetError
                0x00000000        0x4 Drivers\STM32F2xx_HAL_Driver\Src\stm32f2xx_hal_dma.o
 .rodata.flagBitshiftOffset.6773
                0x00000000        0x8 Drivers\STM32F2xx_HAL_Driver\Src\stm32f2xx_hal_dma.o
 .debug_info    0x00000000     0x125c Drivers\STM32F2xx_HAL_Driver\Src\stm32f2xx_hal_dma.o
 .debug_abbrev  0x00000000      0x34a Drivers\STM32F2xx_HAL_Driver\Src\stm32f2xx_hal_dma.o
 .debug_loc     0x00000000      0x735 Drivers\STM32F2xx_HAL_Driver\Src\stm32f2xx_hal_dma.o
 .debug_aranges
                0x00000000       0x80 Drivers\STM32F2xx_HAL_Driver\Src\stm32f2xx_hal_dma.o
 .debug_ranges  0x00000000       0xd8 Drivers\STM32F2xx_HAL_Driver\Src\stm32f2xx_hal_dma.o
 .debug_line    0x00000000      0x617 Drivers\STM32F2xx_HAL_Driver\Src\stm32f2xx_hal_dma.o
 .debug_str     0x00000000      0xbce Drivers\STM32F2xx_HAL_Driver\Src\stm32f2xx_hal_dma.o
 .comment       0x00000000       0x7d Drivers\STM32F2xx_HAL_Driver\Src\stm32f2xx_hal_dma.o
 .debug_frame   0x00000000      0x150 Drivers\STM32F2xx_HAL_Driver\Src\stm32f2xx_hal_dma.o
 .ARM.attributes
                0x00000000       0x33 Drivers\STM32F2xx_HAL_Driver\Src\stm32f2xx_hal_dma.o
 .text          0x00000000        0x0 Drivers\STM32F2xx_HAL_Driver\Src\stm32f2xx_hal_dma_ex.o
 .data          0x00000000        0x0 Drivers\STM32F2xx_HAL_Driver\Src\stm32f2xx_hal_dma_ex.o
 .bss           0x00000000        0x0 Drivers\STM32F2xx_HAL_Driver\Src\stm32f2xx_hal_dma_ex.o
 .text.HAL_DMAEx_MultiBufferStart
                0x00000000       0x5a Drivers\STM32F2xx_HAL_Driver\Src\stm32f2xx_hal_dma_ex.o
 .text.HAL_DMAEx_MultiBufferStart_IT
                0x00000000      0x3e8 Drivers\STM32F2xx_HAL_Driver\Src\stm32f2xx_hal_dma_ex.o
 .text.HAL_DMAEx_ChangeMemory
                0x00000000        0xe Drivers\STM32F2xx_HAL_Driver\Src\stm32f2xx_hal_dma_ex.o
 .debug_info    0x00000000      0xdee Drivers\STM32F2xx_HAL_Driver\Src\stm32f2xx_hal_dma_ex.o
 .debug_abbrev  0x00000000      0x258 Drivers\STM32F2xx_HAL_Driver\Src\stm32f2xx_hal_dma_ex.o
 .debug_loc     0x00000000      0x452 Drivers\STM32F2xx_HAL_Driver\Src\stm32f2xx_hal_dma_ex.o
 .debug_aranges
                0x00000000       0x30 Drivers\STM32F2xx_HAL_Driver\Src\stm32f2xx_hal_dma_ex.o
 .debug_ranges  0x00000000       0x58 Drivers\STM32F2xx_HAL_Driver\Src\stm32f2xx_hal_dma_ex.o
 .debug_line    0x00000000      0x624 Drivers\STM32F2xx_HAL_Driver\Src\stm32f2xx_hal_dma_ex.o
 .debug_str     0x00000000      0x9c3 Drivers\STM32F2xx_HAL_Driver\Src\stm32f2xx_hal_dma_ex.o
 .comment       0x00000000       0x7d Drivers\STM32F2xx_HAL_Driver\Src\stm32f2xx_hal_dma_ex.o
 .debug_frame   0x00000000       0x58 Drivers\STM32F2xx_HAL_Driver\Src\stm32f2xx_hal_dma_ex.o
 .ARM.attributes
                0x00000000       0x33 Drivers\STM32F2xx_HAL_Driver\Src\stm32f2xx_hal_dma_ex.o
 .text          0x00000000        0x0 Drivers\STM32F2xx_HAL_Driver\Src\stm32f2xx_hal_flash.o
 .data          0x00000000        0x0 Drivers\STM32F2xx_HAL_Driver\Src\stm32f2xx_hal_flash.o
 .bss           0x00000000        0x0 Drivers\STM32F2xx_HAL_Driver\Src\stm32f2xx_hal_flash.o
 .text.FLASH_Program_DoubleWord
                0x00000000       0x28 Drivers\STM32F2xx_HAL_Driver\Src\stm32f2xx_hal_flash.o
 .text.FLASH_Program_Word
                0x00000000       0x24 Drivers\STM32F2xx_HAL_Driver\Src\stm32f2xx_hal_flash.o
 .text.FLASH_Program_HalfWord
                0x00000000       0x24 Drivers\STM32F2xx_HAL_Driver\Src\stm32f2xx_hal_flash.o
 .text.FLASH_SetErrorCode
                0x00000000       0x74 Drivers\STM32F2xx_HAL_Driver\Src\stm32f2xx_hal_flash.o
 .text.HAL_FLASH_Program_IT
                0x00000000       0x74 Drivers\STM32F2xx_HAL_Driver\Src\stm32f2xx_hal_flash.o
 .text.HAL_FLASH_EndOfOperationCallback
                0x00000000        0x2 Drivers\STM32F2xx_HAL_Driver\Src\stm32f2xx_hal_flash.o
 .text.HAL_FLASH_OperationErrorCallback
                0x00000000        0x2 Drivers\STM32F2xx_HAL_Driver\Src\stm32f2xx_hal_flash.o
 .text.HAL_FLASH_IRQHandler
                0x00000000       0xc4 Drivers\STM32F2xx_HAL_Driver\Src\stm32f2xx_hal_flash.o
 .text.HAL_FLASH_Unlock
                0x00000000       0x24 Drivers\STM32F2xx_HAL_Driver\Src\stm32f2xx_hal_flash.o
 .text.HAL_FLASH_Lock
                0x00000000       0x14 Drivers\STM32F2xx_HAL_Driver\Src\stm32f2xx_hal_flash.o
 .text.HAL_FLASH_OB_Unlock
                0x00000000       0x24 Drivers\STM32F2xx_HAL_Driver\Src\stm32f2xx_hal_flash.o
 .text.HAL_FLASH_OB_Lock
                0x00000000       0x14 Drivers\STM32F2xx_HAL_Driver\Src\stm32f2xx_hal_flash.o
 .text.HAL_FLASH_GetError
                0x00000000        0xc Drivers\STM32F2xx_HAL_Driver\Src\stm32f2xx_hal_flash.o
 .text.FLASH_WaitForLastOperation
                0x00000000       0x54 Drivers\STM32F2xx_HAL_Driver\Src\stm32f2xx_hal_flash.o
 .text.HAL_FLASH_Program
                0x00000000       0x90 Drivers\STM32F2xx_HAL_Driver\Src\stm32f2xx_hal_flash.o
 .text.HAL_FLASH_OB_Launch
                0x00000000       0x18 Drivers\STM32F2xx_HAL_Driver\Src\stm32f2xx_hal_flash.o
 .debug_info    0x00000000      0xf38 Drivers\STM32F2xx_HAL_Driver\Src\stm32f2xx_hal_flash.o
 .debug_abbrev  0x00000000      0x372 Drivers\STM32F2xx_HAL_Driver\Src\stm32f2xx_hal_flash.o
 .debug_loc     0x00000000      0x2c5 Drivers\STM32F2xx_HAL_Driver\Src\stm32f2xx_hal_flash.o
 .debug_aranges
                0x00000000       0x90 Drivers\STM32F2xx_HAL_Driver\Src\stm32f2xx_hal_flash.o
 .debug_ranges  0x00000000       0xb0 Drivers\STM32F2xx_HAL_Driver\Src\stm32f2xx_hal_flash.o
 .debug_line    0x00000000      0x4e9 Drivers\STM32F2xx_HAL_Driver\Src\stm32f2xx_hal_flash.o
 .debug_str     0x00000000      0x9a5 Drivers\STM32F2xx_HAL_Driver\Src\stm32f2xx_hal_flash.o
 .comment       0x00000000       0x7d Drivers\STM32F2xx_HAL_Driver\Src\stm32f2xx_hal_flash.o
 .debug_frame   0x00000000      0x154 Drivers\STM32F2xx_HAL_Driver\Src\stm32f2xx_hal_flash.o
 .ARM.attributes
                0x00000000       0x33 Drivers\STM32F2xx_HAL_Driver\Src\stm32f2xx_hal_flash.o
 COMMON         0x00000000       0x20 Drivers\STM32F2xx_HAL_Driver\Src\stm32f2xx_hal_flash.o
 .text          0x00000000        0x0 Drivers\STM32F2xx_HAL_Driver\Src\stm32f2xx_hal_flash_ex.o
 .data          0x00000000        0x0 Drivers\STM32F2xx_HAL_Driver\Src\stm32f2xx_hal_flash_ex.o
 .bss           0x00000000        0x0 Drivers\STM32F2xx_HAL_Driver\Src\stm32f2xx_hal_flash_ex.o
 .text.FLASH_MassErase.isra.0
                0x00000000       0x24 Drivers\STM32F2xx_HAL_Driver\Src\stm32f2xx_hal_flash_ex.o
 .text.HAL_FLASHEx_OBProgram
                0x00000000       0xb8 Drivers\STM32F2xx_HAL_Driver\Src\stm32f2xx_hal_flash_ex.o
 .text.HAL_FLASHEx_OBGetConfig
                0x00000000       0x48 Drivers\STM32F2xx_HAL_Driver\Src\stm32f2xx_hal_flash_ex.o
 .text.FLASH_Erase_Sector
                0x00000000       0x54 Drivers\STM32F2xx_HAL_Driver\Src\stm32f2xx_hal_flash_ex.o
 .text.HAL_FLASHEx_Erase_IT
                0x00000000       0x60 Drivers\STM32F2xx_HAL_Driver\Src\stm32f2xx_hal_flash_ex.o
 .text.FLASH_FlushCaches
                0x00000000       0x58 Drivers\STM32F2xx_HAL_Driver\Src\stm32f2xx_hal_flash_ex.o
 .text.HAL_FLASHEx_Erase
                0x00000000       0x9c Drivers\STM32F2xx_HAL_Driver\Src\stm32f2xx_hal_flash_ex.o
 .debug_info    0x00000000     0x10e7 Drivers\STM32F2xx_HAL_Driver\Src\stm32f2xx_hal_flash_ex.o
 .debug_abbrev  0x00000000      0x36c Drivers\STM32F2xx_HAL_Driver\Src\stm32f2xx_hal_flash_ex.o
 .debug_loc     0x00000000      0x3fa Drivers\STM32F2xx_HAL_Driver\Src\stm32f2xx_hal_flash_ex.o
 .debug_aranges
                0x00000000       0x50 Drivers\STM32F2xx_HAL_Driver\Src\stm32f2xx_hal_flash_ex.o
 .debug_ranges  0x00000000       0xd8 Drivers\STM32F2xx_HAL_Driver\Src\stm32f2xx_hal_flash_ex.o
 .debug_line    0x00000000      0x4aa Drivers\STM32F2xx_HAL_Driver\Src\stm32f2xx_hal_flash_ex.o
 .debug_str     0x00000000      0xa0f Drivers\STM32F2xx_HAL_Driver\Src\stm32f2xx_hal_flash_ex.o
 .comment       0x00000000       0x7d Drivers\STM32F2xx_HAL_Driver\Src\stm32f2xx_hal_flash_ex.o
 .debug_frame   0x00000000       0xa8 Drivers\STM32F2xx_HAL_Driver\Src\stm32f2xx_hal_flash_ex.o
 .ARM.attributes
                0x00000000       0x33 Drivers\STM32F2xx_HAL_Driver\Src\stm32f2xx_hal_flash_ex.o
 .text          0x00000000        0x0 Drivers\STM32F2xx_HAL_Driver\Src\stm32f2xx_hal_gpio.o
 .data          0x00000000        0x0 Drivers\STM32F2xx_HAL_Driver\Src\stm32f2xx_hal_gpio.o
 .bss           0x00000000        0x0 Drivers\STM32F2xx_HAL_Driver\Src\stm32f2xx_hal_gpio.o
 .text.HAL_GPIO_DeInit
                0x00000000      0x13c Drivers\STM32F2xx_HAL_Driver\Src\stm32f2xx_hal_gpio.o
 .text.HAL_GPIO_ReadPin
                0x00000000        0xc Drivers\STM32F2xx_HAL_Driver\Src\stm32f2xx_hal_gpio.o
 .text.HAL_GPIO_WritePin
                0x00000000        0xa Drivers\STM32F2xx_HAL_Driver\Src\stm32f2xx_hal_gpio.o
 .text.HAL_GPIO_TogglePin
                0x00000000        0x8 Drivers\STM32F2xx_HAL_Driver\Src\stm32f2xx_hal_gpio.o
 .text.HAL_GPIO_LockPin
                0x00000000       0x2a Drivers\STM32F2xx_HAL_Driver\Src\stm32f2xx_hal_gpio.o
 .text.HAL_GPIO_EXTI_Callback
                0x00000000        0x2 Drivers\STM32F2xx_HAL_Driver\Src\stm32f2xx_hal_gpio.o
 .text.HAL_GPIO_EXTI_IRQHandler
                0x00000000       0x18 Drivers\STM32F2xx_HAL_Driver\Src\stm32f2xx_hal_gpio.o
 .text          0x00000000        0x0 Drivers\STM32F2xx_HAL_Driver\Src\stm32f2xx_hal_pwr.o
 .data          0x00000000        0x0 Drivers\STM32F2xx_HAL_Driver\Src\stm32f2xx_hal_pwr.o
 .bss           0x00000000        0x0 Drivers\STM32F2xx_HAL_Driver\Src\stm32f2xx_hal_pwr.o
 .text.HAL_PWR_DeInit
                0x00000000       0x18 Drivers\STM32F2xx_HAL_Driver\Src\stm32f2xx_hal_pwr.o
 .text.HAL_PWR_EnableBkUpAccess
                0x00000000       0x1c Drivers\STM32F2xx_HAL_Driver\Src\stm32f2xx_hal_pwr.o
 .text.HAL_PWR_DisableBkUpAccess
                0x00000000       0x1c Drivers\STM32F2xx_HAL_Driver\Src\stm32f2xx_hal_pwr.o
 .text.HAL_PWR_ConfigPVD
                0x00000000       0x70 Drivers\STM32F2xx_HAL_Driver\Src\stm32f2xx_hal_pwr.o
 .text.HAL_PWR_EnablePVD
                0x00000000       0x1a Drivers\STM32F2xx_HAL_Driver\Src\stm32f2xx_hal_pwr.o
 .text.HAL_PWR_DisablePVD
                0x00000000       0x1a Drivers\STM32F2xx_HAL_Driver\Src\stm32f2xx_hal_pwr.o
 .text.HAL_PWR_EnableWakeUpPin
                0x00000000       0x10 Drivers\STM32F2xx_HAL_Driver\Src\stm32f2xx_hal_pwr.o
 .text.HAL_PWR_DisableWakeUpPin
                0x00000000       0x10 Drivers\STM32F2xx_HAL_Driver\Src\stm32f2xx_hal_pwr.o
 .text.HAL_PWR_EnterSLEEPMode
                0x00000000       0x20 Drivers\STM32F2xx_HAL_Driver\Src\stm32f2xx_hal_pwr.o
 .text.HAL_PWR_EnterSTOPMode
                0x00000000       0x38 Drivers\STM32F2xx_HAL_Driver\Src\stm32f2xx_hal_pwr.o
 .text.HAL_PWR_EnterSTANDBYMode
                0x00000000       0x20 Drivers\STM32F2xx_HAL_Driver\Src\stm32f2xx_hal_pwr.o
 .text.HAL_PWR_PVDCallback
                0x00000000        0x2 Drivers\STM32F2xx_HAL_Driver\Src\stm32f2xx_hal_pwr.o
 .text.HAL_PWR_PVD_IRQHandler
                0x00000000       0x1c Drivers\STM32F2xx_HAL_Driver\Src\stm32f2xx_hal_pwr.o
 .text.HAL_PWR_EnableSleepOnExit
                0x00000000       0x10 Drivers\STM32F2xx_HAL_Driver\Src\stm32f2xx_hal_pwr.o
 .text.HAL_PWR_DisableSleepOnExit
                0x00000000       0x10 Drivers\STM32F2xx_HAL_Driver\Src\stm32f2xx_hal_pwr.o
 .text.HAL_PWR_EnableSEVOnPend
                0x00000000       0x10 Drivers\STM32F2xx_HAL_Driver\Src\stm32f2xx_hal_pwr.o
 .text.HAL_PWR_DisableSEVOnPend
                0x00000000       0x10 Drivers\STM32F2xx_HAL_Driver\Src\stm32f2xx_hal_pwr.o
 .debug_info    0x00000000     0x10c9 Drivers\STM32F2xx_HAL_Driver\Src\stm32f2xx_hal_pwr.o
 .debug_abbrev  0x00000000      0x29d Drivers\STM32F2xx_HAL_Driver\Src\stm32f2xx_hal_pwr.o
 .debug_loc     0x00000000       0xd8 Drivers\STM32F2xx_HAL_Driver\Src\stm32f2xx_hal_pwr.o
 .debug_aranges
                0x00000000       0xa0 Drivers\STM32F2xx_HAL_Driver\Src\stm32f2xx_hal_pwr.o
 .debug_ranges  0x00000000       0x90 Drivers\STM32F2xx_HAL_Driver\Src\stm32f2xx_hal_pwr.o
 .debug_line    0x00000000      0x433 Drivers\STM32F2xx_HAL_Driver\Src\stm32f2xx_hal_pwr.o
 .debug_str     0x00000000      0x9c5 Drivers\STM32F2xx_HAL_Driver\Src\stm32f2xx_hal_pwr.o
 .comment       0x00000000       0x7d Drivers\STM32F2xx_HAL_Driver\Src\stm32f2xx_hal_pwr.o
 .debug_frame   0x00000000      0x128 Drivers\STM32F2xx_HAL_Driver\Src\stm32f2xx_hal_pwr.o
 .ARM.attributes
                0x00000000       0x33 Drivers\STM32F2xx_HAL_Driver\Src\stm32f2xx_hal_pwr.o
 .text          0x00000000        0x0 Drivers\STM32F2xx_HAL_Driver\Src\stm32f2xx_hal_pwr_ex.o
 .data          0x00000000        0x0 Drivers\STM32F2xx_HAL_Driver\Src\stm32f2xx_hal_pwr_ex.o
 .bss           0x00000000        0x0 Drivers\STM32F2xx_HAL_Driver\Src\stm32f2xx_hal_pwr_ex.o
 .text.HAL_PWREx_EnableBkUpReg
                0x00000000       0x44 Drivers\STM32F2xx_HAL_Driver\Src\stm32f2xx_hal_pwr_ex.o
 .text.HAL_PWREx_DisableBkUpReg
                0x00000000       0x44 Drivers\STM32F2xx_HAL_Driver\Src\stm32f2xx_hal_pwr_ex.o
 .text.HAL_PWREx_EnableFlashPowerDown
                0x00000000       0x1c Drivers\STM32F2xx_HAL_Driver\Src\stm32f2xx_hal_pwr_ex.o
 .text.HAL_PWREx_DisableFlashPowerDown
                0x00000000       0x1c Drivers\STM32F2xx_HAL_Driver\Src\stm32f2xx_hal_pwr_ex.o
 .debug_info    0x00000000      0xb44 Drivers\STM32F2xx_HAL_Driver\Src\stm32f2xx_hal_pwr_ex.o
 .debug_abbrev  0x00000000      0x255 Drivers\STM32F2xx_HAL_Driver\Src\stm32f2xx_hal_pwr_ex.o
 .debug_loc     0x00000000       0x96 Drivers\STM32F2xx_HAL_Driver\Src\stm32f2xx_hal_pwr_ex.o
 .debug_aranges
                0x00000000       0x38 Drivers\STM32F2xx_HAL_Driver\Src\stm32f2xx_hal_pwr_ex.o
 .debug_ranges  0x00000000       0x28 Drivers\STM32F2xx_HAL_Driver\Src\stm32f2xx_hal_pwr_ex.o
 .debug_line    0x00000000      0x341 Drivers\STM32F2xx_HAL_Driver\Src\stm32f2xx_hal_pwr_ex.o
 .debug_str     0x00000000      0x734 Drivers\STM32F2xx_HAL_Driver\Src\stm32f2xx_hal_pwr_ex.o
 .comment       0x00000000       0x7d Drivers\STM32F2xx_HAL_Driver\Src\stm32f2xx_hal_pwr_ex.o
 .debug_frame   0x00000000       0x68 Drivers\STM32F2xx_HAL_Driver\Src\stm32f2xx_hal_pwr_ex.o
 .ARM.attributes
                0x00000000       0x33 Drivers\STM32F2xx_HAL_Driver\Src\stm32f2xx_hal_pwr_ex.o
 .text          0x00000000        0x0 Drivers\STM32F2xx_HAL_Driver\Src\stm32f2xx_hal_rcc.o
 .data          0x00000000        0x0 Drivers\STM32F2xx_HAL_Driver\Src\stm32f2xx_hal_rcc.o
 .bss           0x00000000        0x0 Drivers\STM32F2xx_HAL_Driver\Src\stm32f2xx_hal_rcc.o
 .text.HAL_RCC_DeInit
                0x00000000       0xf4 Drivers\STM32F2xx_HAL_Driver\Src\stm32f2xx_hal_rcc.o
 .text.HAL_RCC_MCOConfig
                0x00000000       0x98 Drivers\STM32F2xx_HAL_Driver\Src\stm32f2xx_hal_rcc.o
 .text.HAL_RCC_EnableCSS
                0x00000000        0xc Drivers\STM32F2xx_HAL_Driver\Src\stm32f2xx_hal_rcc.o
 .text.HAL_RCC_DisableCSS
                0x00000000        0xc Drivers\STM32F2xx_HAL_Driver\Src\stm32f2xx_hal_rcc.o
 .text.HAL_RCC_GetPCLK1Freq
                0x00000000       0x30 Drivers\STM32F2xx_HAL_Driver\Src\stm32f2xx_hal_rcc.o
 .text.HAL_RCC_GetPCLK2Freq
                0x00000000       0x30 Drivers\STM32F2xx_HAL_Driver\Src\stm32f2xx_hal_rcc.o
 .text.HAL_RCC_GetOscConfig
                0x00000000       0xcc Drivers\STM32F2xx_HAL_Driver\Src\stm32f2xx_hal_rcc.o
 .text.HAL_RCC_GetClockConfig
                0x00000000       0x3c Drivers\STM32F2xx_HAL_Driver\Src\stm32f2xx_hal_rcc.o
 .text.HAL_RCC_CSSCallback
                0x00000000        0x2 Drivers\STM32F2xx_HAL_Driver\Src\stm32f2xx_hal_rcc.o
 .text.HAL_RCC_NMI_IRQHandler
                0x00000000       0x20 Drivers\STM32F2xx_HAL_Driver\Src\stm32f2xx_hal_rcc.o
 .text          0x00000000        0x0 Drivers\STM32F2xx_HAL_Driver\Src\stm32f2xx_hal_rcc_ex.o
 .data          0x00000000        0x0 Drivers\STM32F2xx_HAL_Driver\Src\stm32f2xx_hal_rcc_ex.o
 .bss           0x00000000        0x0 Drivers\STM32F2xx_HAL_Driver\Src\stm32f2xx_hal_rcc_ex.o
 .text.HAL_RCCEx_PeriphCLKConfig
                0x00000000      0x14c Drivers\STM32F2xx_HAL_Driver\Src\stm32f2xx_hal_rcc_ex.o
 .text.HAL_RCCEx_GetPeriphCLKConfig
                0x00000000       0x4c Drivers\STM32F2xx_HAL_Driver\Src\stm32f2xx_hal_rcc_ex.o
 .debug_info    0x00000000      0xd9c Drivers\STM32F2xx_HAL_Driver\Src\stm32f2xx_hal_rcc_ex.o
 .debug_abbrev  0x00000000      0x2a3 Drivers\STM32F2xx_HAL_Driver\Src\stm32f2xx_hal_rcc_ex.o
 .debug_loc     0x00000000      0x17e Drivers\STM32F2xx_HAL_Driver\Src\stm32f2xx_hal_rcc_ex.o
 .debug_aranges
                0x00000000       0x28 Drivers\STM32F2xx_HAL_Driver\Src\stm32f2xx_hal_rcc_ex.o
 .debug_ranges  0x00000000       0x48 Drivers\STM32F2xx_HAL_Driver\Src\stm32f2xx_hal_rcc_ex.o
 .debug_line    0x00000000      0x390 Drivers\STM32F2xx_HAL_Driver\Src\stm32f2xx_hal_rcc_ex.o
 .debug_str     0x00000000      0x89a Drivers\STM32F2xx_HAL_Driver\Src\stm32f2xx_hal_rcc_ex.o
 .comment       0x00000000       0x7d Drivers\STM32F2xx_HAL_Driver\Src\stm32f2xx_hal_rcc_ex.o
 .debug_frame   0x00000000       0x4c Drivers\STM32F2xx_HAL_Driver\Src\stm32f2xx_hal_rcc_ex.o
 .ARM.attributes
                0x00000000       0x33 Drivers\STM32F2xx_HAL_Driver\Src\stm32f2xx_hal_rcc_ex.o
 .text          0x00000000        0x0 Drivers\STM32F2xx_HAL_Driver\Src\stm32f2xx_hal_tim.o
 .data          0x00000000        0x0 Drivers\STM32F2xx_HAL_Driver\Src\stm32f2xx_hal_tim.o
 .bss           0x00000000        0x0 Drivers\STM32F2xx_HAL_Driver\Src\stm32f2xx_hal_tim.o
 .debug_info    0x00000000      0x927 Drivers\STM32F2xx_HAL_Driver\Src\stm32f2xx_hal_tim.o
 .debug_abbrev  0x00000000      0x15c Drivers\STM32F2xx_HAL_Driver\Src\stm32f2xx_hal_tim.o
 .debug_aranges
                0x00000000       0x18 Drivers\STM32F2xx_HAL_Driver\Src\stm32f2xx_hal_tim.o
 .debug_line    0x00000000      0x203 Drivers\STM32F2xx_HAL_Driver\Src\stm32f2xx_hal_tim.o
 .debug_str     0x00000000      0x63e Drivers\STM32F2xx_HAL_Driver\Src\stm32f2xx_hal_tim.o
 .comment       0x00000000       0x7d Drivers\STM32F2xx_HAL_Driver\Src\stm32f2xx_hal_tim.o
 .ARM.attributes
                0x00000000       0x33 Drivers\STM32F2xx_HAL_Driver\Src\stm32f2xx_hal_tim.o
 .text          0x00000000        0x0 Drivers\STM32F2xx_HAL_Driver\Src\stm32f2xx_hal_tim_ex.o
 .data          0x00000000        0x0 Drivers\STM32F2xx_HAL_Driver\Src\stm32f2xx_hal_tim_ex.o
 .bss           0x00000000        0x0 Drivers\STM32F2xx_HAL_Driver\Src\stm32f2xx_hal_tim_ex.o
 .debug_info    0x00000000      0x927 Drivers\STM32F2xx_HAL_Driver\Src\stm32f2xx_hal_tim_ex.o
 .debug_abbrev  0x00000000      0x15c Drivers\STM32F2xx_HAL_Driver\Src\stm32f2xx_hal_tim_ex.o
 .debug_aranges
                0x00000000       0x18 Drivers\STM32F2xx_HAL_Driver\Src\stm32f2xx_hal_tim_ex.o
 .debug_line    0x00000000      0x203 Drivers\STM32F2xx_HAL_Driver\Src\stm32f2xx_hal_tim_ex.o
 .debug_str     0x00000000      0x641 Drivers\STM32F2xx_HAL_Driver\Src\stm32f2xx_hal_tim_ex.o
 .comment       0x00000000       0x7d Drivers\STM32F2xx_HAL_Driver\Src\stm32f2xx_hal_tim_ex.o
 .ARM.attributes
                0x00000000       0x33 Drivers\STM32F2xx_HAL_Driver\Src\stm32f2xx_hal_tim_ex.o
 .text          0x00000000        0x0 Src\main.o
 .data          0x00000000        0x0 Src\main.o
 .bss           0x00000000        0x0 Src\main.o
 .text._Error_Handler
                0x00000000        0x2 Src\main.o
 .text          0x00000000        0x0 Src\stm32f2xx_hal_msp.o
 .data          0x00000000        0x0 Src\stm32f2xx_hal_msp.o
 .bss           0x00000000        0x0 Src\stm32f2xx_hal_msp.o
 .text.HAL_CAN_MspDeInit
                0x00000000       0x2c Src\stm32f2xx_hal_msp.o
 .text          0x00000000        0x0 Src\stm32f2xx_it.o
 .data          0x00000000        0x0 Src\stm32f2xx_it.o
 .bss           0x00000000        0x0 Src\stm32f2xx_it.o
 .text          0x00000000        0x0 Src\system_stm32f2xx.o
 .data          0x00000000        0x0 Src\system_stm32f2xx.o
 .bss           0x00000000        0x0 Src\system_stm32f2xx.o
 .text.SystemCoreClockUpdate
                0x00000000       0x74 Src\system_stm32f2xx.o
 .rodata.APBPrescTable
                0x00000000        0x8 Src\system_stm32f2xx.o
 .text          0x00000000       0x14 startup\startup_stm32f205xx.o
 .data          0x00000000        0x0 startup\startup_stm32f205xx.o
 .bss           0x00000000        0x0 startup\startup_stm32f205xx.o
 .text          0x00000000        0x0 c:/program files (x86)/atollic/truestudio for stm32 9.0.0/armtools/bin/../lib/gcc/arm-atollic-eabi/6.3.1/../../../../arm-atollic-eabi/lib/armv7-m\libc_nano.a(lib_a-init.o)
 .data          0x00000000        0x0 c:/program files (x86)/atollic/truestudio for stm32 9.0.0/armtools/bin/../lib/gcc/arm-atollic-eabi/6.3.1/../../../../arm-atollic-eabi/lib/armv7-m\libc_nano.a(lib_a-init.o)
 .bss           0x00000000        0x0 c:/program files (x86)/atollic/truestudio for stm32 9.0.0/armtools/bin/../lib/gcc/arm-atollic-eabi/6.3.1/../../../../arm-atollic-eabi/lib/armv7-m\libc_nano.a(lib_a-init.o)
 .data          0x00000000        0x0 c:/program files (x86)/atollic/truestudio for stm32 9.0.0/armtools/bin/../lib/gcc/arm-atollic-eabi/6.3.1/armv7-m\libgcc.a(_aeabi_uldivmod.o)
 .bss           0x00000000        0x0 c:/program files (x86)/atollic/truestudio for stm32 9.0.0/armtools/bin/../lib/gcc/arm-atollic-eabi/6.3.1/armv7-m\libgcc.a(_aeabi_uldivmod.o)
 .data          0x00000000        0x0 c:/program files (x86)/atollic/truestudio for stm32 9.0.0/armtools/bin/../lib/gcc/arm-atollic-eabi/6.3.1/armv7-m\libgcc.a(_udivmoddi4.o)
 .bss           0x00000000        0x0 c:/program files (x86)/atollic/truestudio for stm32 9.0.0/armtools/bin/../lib/gcc/arm-atollic-eabi/6.3.1/armv7-m\libgcc.a(_udivmoddi4.o)
 .ARM.extab     0x00000000        0x0 c:/program files (x86)/atollic/truestudio for stm32 9.0.0/armtools/bin/../lib/gcc/arm-atollic-eabi/6.3.1/armv7-m\libgcc.a(_udivmoddi4.o)
 .data          0x00000000        0x0 c:/program files (x86)/atollic/truestudio for stm32 9.0.0/armtools/bin/../lib/gcc/arm-atollic-eabi/6.3.1/armv7-m\libgcc.a(_dvmd_tls.o)
 .bss           0x00000000        0x0 c:/program files (x86)/atollic/truestudio for stm32 9.0.0/armtools/bin/../lib/gcc/arm-atollic-eabi/6.3.1/armv7-m\libgcc.a(_dvmd_tls.o)
 .text          0x00000000        0x0 c:/program files (x86)/atollic/truestudio for stm32 9.0.0/armtools/bin/../lib/gcc/arm-atollic-eabi/6.3.1/armv7-m/crtend.o
 .data          0x00000000        0x0 c:/program files (x86)/atollic/truestudio for stm32 9.0.0/armtools/bin/../lib/gcc/arm-atollic-eabi/6.3.1/armv7-m/crtend.o
 .bss           0x00000000        0x0 c:/program files (x86)/atollic/truestudio for stm32 9.0.0/armtools/bin/../lib/gcc/arm-atollic-eabi/6.3.1/armv7-m/crtend.o
 .eh_frame      0x00000000        0x4 c:/program files (x86)/atollic/truestudio for stm32 9.0.0/armtools/bin/../lib/gcc/arm-atollic-eabi/6.3.1/armv7-m/crtend.o
 .ARM.attributes
                0x00000000       0x2d c:/program files (x86)/atollic/truestudio for stm32 9.0.0/armtools/bin/../lib/gcc/arm-atollic-eabi/6.3.1/armv7-m/crtend.o
 .text          0x00000000        0x0 c:/program files (x86)/atollic/truestudio for stm32 9.0.0/armtools/bin/../lib/gcc/arm-atollic-eabi/6.3.1/armv7-m/crtn.o
 .data          0x00000000        0x0 c:/program files (x86)/atollic/truestudio for stm32 9.0.0/armtools/bin/../lib/gcc/arm-atollic-eabi/6.3.1/armv7-m/crtn.o
 .bss           0x00000000        0x0 c:/program files (x86)/atollic/truestudio for stm32 9.0.0/armtools/bin/../lib/gcc/arm-atollic-eabi/6.3.1/armv7-m/crtn.o

Memory Configuration

Name             Origin             Length             Attributes
RAM              0x20000000         0x00020000         xrw
FLASH            0x08000000         0x000c0000         xr
*default*        0x00000000         0xffffffff

Linker script and memory map

LOAD c:/program files (x86)/atollic/truestudio for stm32 9.0.0/armtools/bin/../lib/gcc/arm-atollic-eabi/6.3.1/armv7-m/crti.o
LOAD c:/program files (x86)/atollic/truestudio for stm32 9.0.0/armtools/bin/../lib/gcc/arm-atollic-eabi/6.3.1/armv7-m/crtbegin.o
LOAD Drivers\STM32F2xx_HAL_Driver\Src\stm32f2xx_hal.o
LOAD Drivers\STM32F2xx_HAL_Driver\Src\stm32f2xx_hal_can.o
LOAD Drivers\STM32F2xx_HAL_Driver\Src\stm32f2xx_hal_cortex.o
LOAD Drivers\STM32F2xx_HAL_Driver\Src\stm32f2xx_hal_dma.o
LOAD Drivers\STM32F2xx_HAL_Driver\Src\stm32f2xx_hal_dma_ex.o
LOAD Drivers\STM32F2xx_HAL_Driver\Src\stm32f2xx_hal_flash.o
LOAD Drivers\STM32F2xx_HAL_Driver\Src\stm32f2xx_hal_flash_ex.o
LOAD Drivers\STM32F2xx_HAL_Driver\Src\stm32f2xx_hal_gpio.o
LOAD Drivers\STM32F2xx_HAL_Driver\Src\stm32f2xx_hal_pwr.o
LOAD Drivers\STM32F2xx_HAL_Driver\Src\stm32f2xx_hal_pwr_ex.o
LOAD Drivers\STM32F2xx_HAL_Driver\Src\stm32f2xx_hal_rcc.o
LOAD Drivers\STM32F2xx_HAL_Driver\Src\stm32f2xx_hal_rcc_ex.o
LOAD Drivers\STM32F2xx_HAL_Driver\Src\stm32f2xx_hal_tim.o
LOAD Drivers\STM32F2xx_HAL_Driver\Src\stm32f2xx_hal_tim_ex.o
LOAD Src\main.o
LOAD Src\stm32f2xx_hal_msp.o
LOAD Src\stm32f2xx_it.o
LOAD Src\system_stm32f2xx.o
LOAD startup\startup_stm32f205xx.o
                0x00000080                malloc_getpagesize_P = 0x80
START GROUP
LOAD c:/program files (x86)/atollic/truestudio for stm32 9.0.0/armtools/bin/../lib/gcc/arm-atollic-eabi/6.3.1/../../../../arm-atollic-eabi/lib/armv7-m\libc_nano.a
LOAD c:/program files (x86)/atollic/truestudio for stm32 9.0.0/armtools/bin/../lib/gcc/arm-atollic-eabi/6.3.1/../../../../arm-atollic-eabi/lib/armv7-m\libm.a
END GROUP
START GROUP
LOAD c:/program files (x86)/atollic/truestudio for stm32 9.0.0/armtools/bin/../lib/gcc/arm-atollic-eabi/6.3.1/armv7-m\libgcc.a
LOAD c:/program files (x86)/atollic/truestudio for stm32 9.0.0/armtools/bin/../lib/gcc/arm-atollic-eabi/6.3.1/../../../../arm-atollic-eabi/lib/armv7-m\libc_nano.a
END GROUP
START GROUP
LOAD c:/program files (x86)/atollic/truestudio for stm32 9.0.0/armtools/bin/../lib/gcc/arm-atollic-eabi/6.3.1/armv7-m\libgcc.a
LOAD c:/program files (x86)/atollic/truestudio for stm32 9.0.0/armtools/bin/../lib/gcc/arm-atollic-eabi/6.3.1/../../../../arm-atollic-eabi/lib/armv7-m\libc_nano.a
LOAD c:/program files (x86)/atollic/truestudio for stm32 9.0.0/armtools/bin/../lib/gcc/arm-atollic-eabi/6.3.1/../../../../arm-atollic-eabi/lib/armv7-m\libnosys.a
END GROUP
START GROUP
LOAD c:/program files (x86)/atollic/truestudio for stm32 9.0.0/armtools/bin/../lib/gcc/arm-atollic-eabi/6.3.1/armv7-m\libgcc.a
LOAD c:/program files (x86)/atollic/truestudio for stm32 9.0.0/armtools/bin/../lib/gcc/arm-atollic-eabi/6.3.1/../../../../arm-atollic-eabi/lib/armv7-m\libc_nano.a
LOAD c:/program files (x86)/atollic/truestudio for stm32 9.0.0/armtools/bin/../lib/gcc/arm-atollic-eabi/6.3.1/../../../../arm-atollic-eabi/lib/armv7-m\libnosys.a
END GROUP
LOAD c:/program files (x86)/atollic/truestudio for stm32 9.0.0/armtools/bin/../lib/gcc/arm-atollic-eabi/6.3.1/armv7-m/crtend.o
LOAD c:/program files (x86)/atollic/truestudio for stm32 9.0.0/armtools/bin/../lib/gcc/arm-atollic-eabi/6.3.1/armv7-m/crtn.o
                0x20020000                _estack = 0x20020000
                0x00000200                _Min_Heap_Size = 0x200
                0x00000400                _Min_Stack_Size = 0x400

.isr_vector     0x08000000      0x184
                0x08000000                . = ALIGN (0x4)
 *(.isr_vector)
 .isr_vector    0x08000000      0x184 startup\startup_stm32f205xx.o
                0x08000000                g_pfnVectors
                0x08000184                . = ALIGN (0x4)

.text           0x08000184      0xeac
                0x08000184                . = ALIGN (0x4)
 *(.text)
 .text          0x08000184       0x40 c:/program files (x86)/atollic/truestudio for stm32 9.0.0/armtools/bin/../lib/gcc/arm-atollic-eabi/6.3.1/armv7-m/crtbegin.o
 .text          0x080001c4       0x30 c:/program files (x86)/atollic/truestudio for stm32 9.0.0/armtools/bin/../lib/gcc/arm-atollic-eabi/6.3.1/armv7-m\libgcc.a(_aeabi_uldivmod.o)
                0x080001c4                __aeabi_uldivmod
 .text          0x080001f4      0x2dc c:/program files (x86)/atollic/truestudio for stm32 9.0.0/armtools/bin/../lib/gcc/arm-atollic-eabi/6.3.1/armv7-m\libgcc.a(_udivmoddi4.o)
                0x080001f4                __udivmoddi4
 .text          0x080004d0        0x4 c:/program files (x86)/atollic/truestudio for stm32 9.0.0/armtools/bin/../lib/gcc/arm-atollic-eabi/6.3.1/armv7-m\libgcc.a(_dvmd_tls.o)
                0x080004d0                __aeabi_idiv0
                0x080004d0                __aeabi_ldiv0
 *(.text*)
 .text.HAL_InitTick
                0x080004d4       0x28 Drivers\STM32F2xx_HAL_Driver\Src\stm32f2xx_hal.o
                0x080004d4                HAL_InitTick
 .text.HAL_Init
                0x080004fc       0x34 Drivers\STM32F2xx_HAL_Driver\Src\stm32f2xx_hal.o
                0x080004fc                HAL_Init
 .text.HAL_IncTick
                0x08000530       0x10 Drivers\STM32F2xx_HAL_Driver\Src\stm32f2xx_hal.o
                0x08000530                HAL_IncTick
 .text.HAL_GetTick
                0x08000540        0xc Drivers\STM32F2xx_HAL_Driver\Src\stm32f2xx_hal.o
                0x08000540                HAL_GetTick
 .text.HAL_CAN_Init
                0x0800054c      0x12a Drivers\STM32F2xx_HAL_Driver\Src\stm32f2xx_hal_can.o
                0x0800054c                HAL_CAN_Init
 *fill*         0x08000676        0x2 
 .text.HAL_NVIC_SetPriorityGrouping
                0x08000678       0x24 Drivers\STM32F2xx_HAL_Driver\Src\stm32f2xx_hal_cortex.o
                0x08000678                HAL_NVIC_SetPriorityGrouping
 .text.HAL_NVIC_SetPriority
                0x0800069c       0x68 Drivers\STM32F2xx_HAL_Driver\Src\stm32f2xx_hal_cortex.o
                0x0800069c                HAL_NVIC_SetPriority
 .text.HAL_SYSTICK_Config
                0x08000704       0x2c Drivers\STM32F2xx_HAL_Driver\Src\stm32f2xx_hal_cortex.o
                0x08000704                HAL_SYSTICK_Config
 .text.HAL_SYSTICK_CLKSourceConfig
                0x08000730       0x18 Drivers\STM32F2xx_HAL_Driver\Src\stm32f2xx_hal_cortex.o
                0x08000730                HAL_SYSTICK_CLKSourceConfig
 .text.HAL_SYSTICK_Callback
                0x08000748        0x2 Drivers\STM32F2xx_HAL_Driver\Src\stm32f2xx_hal_cortex.o
                0x08000748                HAL_SYSTICK_Callback
 .text.HAL_SYSTICK_IRQHandler
                0x0800074a        0x8 Drivers\STM32F2xx_HAL_Driver\Src\stm32f2xx_hal_cortex.o
                0x0800074a                HAL_SYSTICK_IRQHandler
 *fill*         0x08000752        0x2 
 .text.HAL_GPIO_Init
                0x08000754      0x1cc Drivers\STM32F2xx_HAL_Driver\Src\stm32f2xx_hal_gpio.o
                0x08000754                HAL_GPIO_Init
 .text.HAL_RCC_OscConfig
                0x08000920      0x2dc Drivers\STM32F2xx_HAL_Driver\Src\stm32f2xx_hal_rcc.o
                0x08000920                HAL_RCC_OscConfig
 .text.HAL_RCC_GetSysClockFreq
                0x08000bfc       0x5c Drivers\STM32F2xx_HAL_Driver\Src\stm32f2xx_hal_rcc.o
                0x08000bfc                HAL_RCC_GetSysClockFreq
 .text.HAL_RCC_ClockConfig
                0x08000c58      0x13c Drivers\STM32F2xx_HAL_Driver\Src\stm32f2xx_hal_rcc.o
                0x08000c58                HAL_RCC_ClockConfig
 .text.HAL_RCC_GetHCLKFreq
                0x08000d94        0xc Drivers\STM32F2xx_HAL_Driver\Src\stm32f2xx_hal_rcc.o
                0x08000d94                HAL_RCC_GetHCLKFreq
 .text.SystemClock_Config
                0x08000da0       0x74 Src\main.o
                0x08000da0                SystemClock_Config
 .text.startup.main
                0x08000e14       0x58 Src\main.o
                0x08000e14                main
 .text.HAL_MspInit
                0x08000e6c       0x60 Src\stm32f2xx_hal_msp.o
                0x08000e6c                HAL_MspInit
 .text.HAL_CAN_MspInit
                0x08000ecc       0x50 Src\stm32f2xx_hal_msp.o
                0x08000ecc                HAL_CAN_MspInit
 .text.NMI_Handler
                0x08000f1c        0x2 Src\stm32f2xx_it.o
                0x08000f1c                NMI_Handler
 .text.HardFault_Handler
                0x08000f1e        0x2 Src\stm32f2xx_it.o
                0x08000f1e                HardFault_Handler
 .text.MemManage_Handler
                0x08000f20        0x2 Src\stm32f2xx_it.o
                0x08000f20                MemManage_Handler
 .text.BusFault_Handler
                0x08000f22        0x2 Src\stm32f2xx_it.o
                0x08000f22                BusFault_Handler
 .text.UsageFault_Handler
                0x08000f24        0x2 Src\stm32f2xx_it.o
                0x08000f24                UsageFault_Handler
 .text.SVC_Handler
                0x08000f26        0x2 Src\stm32f2xx_it.o
                0x08000f26                SVC_Handler
 .text.DebugMon_Handler
                0x08000f28        0x2 Src\stm32f2xx_it.o
                0x08000f28                DebugMon_Handler
 .text.PendSV_Handler
                0x08000f2a        0x2 Src\stm32f2xx_it.o
                0x08000f2a                PendSV_Handler
 .text.SysTick_Handler
                0x08000f2c        0xe Src\stm32f2xx_it.o
                0x08000f2c                SysTick_Handler
 *fill*         0x08000f3a        0x2 
 .text.SystemInit
                0x08000f3c       0x40 Src\system_stm32f2xx.o
                0x08000f3c                SystemInit
 .text.Reset_Handler
                0x08000f7c       0x50 startup\startup_stm32f205xx.o
                0x08000f7c                Reset_Handler
 .text.Default_Handler
                0x08000fcc        0x2 startup\startup_stm32f205xx.o
                0x08000fcc                RTC_Alarm_IRQHandler
                0x08000fcc                HASH_RNG_IRQHandler
                0x08000fcc                EXTI2_IRQHandler
                0x08000fcc                TIM8_CC_IRQHandler
                0x08000fcc                TIM1_CC_IRQHandler
                0x08000fcc                DMA2_Stream5_IRQHandler
                0x08000fcc                DMA1_Stream5_IRQHandler
                0x08000fcc                PVD_IRQHandler
                0x08000fcc                SDIO_IRQHandler
                0x08000fcc                TAMP_STAMP_IRQHandler
                0x08000fcc                CAN2_RX1_IRQHandler
                0x08000fcc                EXTI3_IRQHandler
                0x08000fcc                TIM8_TRG_COM_TIM14_IRQHandler
                0x08000fcc                TIM1_UP_TIM10_IRQHandler
                0x08000fcc                TIM8_UP_TIM13_IRQHandler
                0x08000fcc                I2C3_ER_IRQHandler
                0x08000fcc                EXTI0_IRQHandler
                0x08000fcc                I2C2_EV_IRQHandler
                0x08000fcc                DMA1_Stream2_IRQHandler
                0x08000fcc                CAN1_RX0_IRQHandler
                0x08000fcc                OTG_HS_WKUP_IRQHandler
                0x08000fcc                CAN2_SCE_IRQHandler
                0x08000fcc                DMA2_Stream2_IRQHandler
                0x08000fcc                SPI1_IRQHandler
                0x08000fcc                TIM6_DAC_IRQHandler
                0x08000fcc                TIM1_BRK_TIM9_IRQHandler
                0x08000fcc                CAN2_RX0_IRQHandler
                0x08000fcc                DMA2_Stream3_IRQHandler
                0x08000fcc                USART6_IRQHandler
                0x08000fcc                USART3_IRQHandler
                0x08000fcc                CAN1_RX1_IRQHandler
                0x08000fcc                UART5_IRQHandler
                0x08000fcc                DMA2_Stream0_IRQHandler
                0x08000fcc                TIM4_IRQHandler
                0x08000fcc                I2C1_EV_IRQHandler
                0x08000fcc                DMA1_Stream6_IRQHandler
                0x08000fcc                DMA1_Stream1_IRQHandler
                0x08000fcc                UART4_IRQHandler
                0x08000fcc                TIM3_IRQHandler
                0x08000fcc                RCC_IRQHandler
                0x08000fcc                TIM8_BRK_TIM12_IRQHandler
                0x08000fcc                Default_Handler
                0x08000fcc                EXTI15_10_IRQHandler
                0x08000fcc                ADC_IRQHandler
                0x08000fcc                DMA1_Stream7_IRQHandler
                0x08000fcc                TIM7_IRQHandler
                0x08000fcc                CAN2_TX_IRQHandler
                0x08000fcc                TIM5_IRQHandler
                0x08000fcc                DMA2_Stream7_IRQHandler
                0x08000fcc                I2C3_EV_IRQHandler
                0x08000fcc                EXTI9_5_IRQHandler
                0x08000fcc                RTC_WKUP_IRQHandler
                0x08000fcc                SPI2_IRQHandler
                0x08000fcc                OTG_HS_EP1_IN_IRQHandler
                0x08000fcc                DMA1_Stream0_IRQHandler
                0x08000fcc                CAN1_TX_IRQHandler
                0x08000fcc                EXTI4_IRQHandler
                0x08000fcc                FSMC_IRQHandler
                0x08000fcc                OTG_HS_EP1_OUT_IRQHandler
                0x08000fcc                WWDG_IRQHandler
                0x08000fcc                TIM2_IRQHandler
                0x08000fcc                OTG_FS_WKUP_IRQHandler
                0x08000fcc                TIM1_TRG_COM_TIM11_IRQHandler
                0x08000fcc                OTG_HS_IRQHandler
                0x08000fcc                EXTI1_IRQHandler
                0x08000fcc                USART2_IRQHandler
                0x08000fcc                I2C2_ER_IRQHandler
                0x08000fcc                DMA2_Stream1_IRQHandler
                0x08000fcc                CAN1_SCE_IRQHandler
                0x08000fcc                FLASH_IRQHandler
                0x08000fcc                DMA2_Stream4_IRQHandler
                0x08000fcc                USART1_IRQHandler
                0x08000fcc                OTG_FS_IRQHandler
                0x08000fcc                SPI3_IRQHandler
                0x08000fcc                DMA1_Stream4_IRQHandler
                0x08000fcc                I2C1_ER_IRQHandler
                0x08000fcc                DMA2_Stream6_IRQHandler
                0x08000fcc                DMA1_Stream3_IRQHandler
 *fill*         0x08000fce        0x2 
 .text.__libc_init_array
                0x08000fd0       0x48 c:/program files (x86)/atollic/truestudio for stm32 9.0.0/armtools/bin/../lib/gcc/arm-atollic-eabi/6.3.1/../../../../arm-atollic-eabi/lib/armv7-m\libc_nano.a(lib_a-init.o)
                0x08000fd0                __libc_init_array
 *(.glue_7)
 .glue_7        0x08001018        0x0 linker stubs
 *(.glue_7t)
 .glue_7t       0x08001018        0x0 linker stubs
 *(.eh_frame)
 .eh_frame      0x08001018        0x0 c:/program files (x86)/atollic/truestudio for stm32 9.0.0/armtools/bin/../lib/gcc/arm-atollic-eabi/6.3.1/armv7-m/crtbegin.o
 *(.init)
 .init          0x08001018        0x4 c:/program files (x86)/atollic/truestudio for stm32 9.0.0/armtools/bin/../lib/gcc/arm-atollic-eabi/6.3.1/armv7-m/crti.o
                0x08001018                _init
 .init          0x0800101c        0x8 c:/program files (x86)/atollic/truestudio for stm32 9.0.0/armtools/bin/../lib/gcc/arm-atollic-eabi/6.3.1/armv7-m/crtn.o
 *(.fini)
 .fini          0x08001024        0x4 c:/program files (x86)/atollic/truestudio for stm32 9.0.0/armtools/bin/../lib/gcc/arm-atollic-eabi/6.3.1/armv7-m/crti.o
                0x08001024                _fini
 .fini          0x08001028        0x8 c:/program files (x86)/atollic/truestudio for stm32 9.0.0/armtools/bin/../lib/gcc/arm-atollic-eabi/6.3.1/armv7-m/crtn.o
                0x08001030                . = ALIGN (0x4)
                0x08001030                _etext = .

.vfp11_veneer   0x08001030        0x0
 .vfp11_veneer  0x08001030        0x0 linker stubs

.v4_bx          0x08001030        0x0
 .v4_bx         0x08001030        0x0 linker stubs

.iplt           0x08001030        0x0
 .iplt          0x08001030        0x0 c:/program files (x86)/atollic/truestudio for stm32 9.0.0/armtools/bin/../lib/gcc/arm-atollic-eabi/6.3.1/armv7-m/crtbegin.o

.rodata         0x08001030       0x10
                0x08001030                . = ALIGN (0x4)
 *(.rodata)
 *(.rodata*)
 .rodata.AHBPrescTable
                0x08001030       0x10 Src\system_stm32f2xx.o
                0x08001030                AHBPrescTable
                0x08001040                . = ALIGN (0x4)

.ARM.extab
 *(.ARM.extab* .gnu.linkonce.armextab.*)

.ARM            0x08001040        0x8
                0x08001040                __exidx_start = .
 *(.ARM.exidx*)
 .ARM.exidx     0x08001040        0x8 c:/program files (x86)/atollic/truestudio for stm32 9.0.0/armtools/bin/../lib/gcc/arm-atollic-eabi/6.3.1/armv7-m\libgcc.a(_udivmoddi4.o)
                0x08001048                __exidx_end = .

.rel.dyn        0x08001048        0x0
 .rel.iplt      0x08001048        0x0 c:/program files (x86)/atollic/truestudio for stm32 9.0.0/armtools/bin/../lib/gcc/arm-atollic-eabi/6.3.1/armv7-m/crtbegin.o

.preinit_array  0x08001048        0x0
                0x08001048                PROVIDE (__preinit_array_start, .)
 *(.preinit_array*)
                0x08001048                PROVIDE (__preinit_array_end, .)

.init_array     0x08001048        0x4
                0x08001048                PROVIDE (__init_array_start, .)
 *(SORT(.init_array.*))
 *(.init_array*)
 .init_array    0x08001048        0x4 c:/program files (x86)/atollic/truestudio for stm32 9.0.0/armtools/bin/../lib/gcc/arm-atollic-eabi/6.3.1/armv7-m/crtbegin.o
                0x0800104c                PROVIDE (__init_array_end, .)

.fini_array     0x0800104c        0x4
                [!provide]                PROVIDE (__fini_array_start, .)
 *(SORT(.fini_array.*))
 *(.fini_array*)
 .fini_array    0x0800104c        0x4 c:/program files (x86)/atollic/truestudio for stm32 9.0.0/armtools/bin/../lib/gcc/arm-atollic-eabi/6.3.1/armv7-m/crtbegin.o
                [!provide]                PROVIDE (__fini_array_end, .)
                0x08001050                _sidata = LOADADDR (.data)

.data           0x20000000        0x4 load address 0x08001050
                0x20000000                . = ALIGN (0x4)
                0x20000000                _sdata = .
 *(.data)
 *(.data*)
 .data.SystemCoreClock
                0x20000000        0x4 Src\system_stm32f2xx.o
                0x20000000                SystemCoreClock
                0x20000004                . = ALIGN (0x4)
                0x20000004                _edata = .

.igot.plt       0x20000004        0x0 load address 0x08001054
 .igot.plt      0x20000004        0x0 c:/program files (x86)/atollic/truestudio for stm32 9.0.0/armtools/bin/../lib/gcc/arm-atollic-eabi/6.3.1/armv7-m/crtbegin.o
                0x20000004                . = ALIGN (0x4)

.bss            0x20000004       0x64 load address 0x08001054
                0x20000004                _sbss = .
                0x20000004                __bss_start__ = _sbss
 *(.bss)
 .bss           0x20000004       0x1c c:/program files (x86)/atollic/truestudio for stm32 9.0.0/armtools/bin/../lib/gcc/arm-atollic-eabi/6.3.1/armv7-m/crtbegin.o
 *(.bss*)
 *(COMMON)
 COMMON         0x20000020        0x4 Drivers\STM32F2xx_HAL_Driver\Src\stm32f2xx_hal.o
                0x20000020                uwTick
 COMMON         0x20000024       0x44 Src\main.o
                0x20000024                hcan1
                0x20000068                . = ALIGN (0x4)
                0x20000068                _ebss = .
                0x20000068                __bss_end__ = _ebss

._user_heap_stack
                0x20000068      0x600 load address 0x08001054
                0x20000068                . = ALIGN (0x4)
                [!provide]                PROVIDE (end, .)
                [!provide]                PROVIDE (_end, .)
                0x20000268                . = (. + _Min_Heap_Size)
 *fill*         0x20000068      0x200 
                0x20000668                . = (. + _Min_Stack_Size)
 *fill*         0x20000268      0x400 
                0x20000668                . = ALIGN (0x4)

/DISCARD/
 libc.a(*)
 libm.a(*)
 libgcc.a(*)

.ARM.attributes
                0x00000000       0x29
 *(.ARM.attributes)
 .ARM.attributes
                0x00000000       0x1d c:/program files (x86)/atollic/truestudio for stm32 9.0.0/armtools/bin/../lib/gcc/arm-atollic-eabi/6.3.1/armv7-m/crti.o
 .ARM.attributes
                0x0000001d       0x2d c:/program files (x86)/atollic/truestudio for stm32 9.0.0/armtools/bin/../lib/gcc/arm-atollic-eabi/6.3.1/armv7-m/crtbegin.o
 .ARM.attributes
                0x0000004a       0x33 Drivers\STM32F2xx_HAL_Driver\Src\stm32f2xx_hal.o
 .ARM.attributes
                0x0000007d       0x33 Drivers\STM32F2xx_HAL_Driver\Src\stm32f2xx_hal_can.o
 .ARM.attributes
                0x000000b0       0x33 Drivers\STM32F2xx_HAL_Driver\Src\stm32f2xx_hal_cortex.o
 .ARM.attributes
                0x000000e3       0x33 Drivers\STM32F2xx_HAL_Driver\Src\stm32f2xx_hal_gpio.o
 .ARM.attributes
                0x00000116       0x33 Drivers\STM32F2xx_HAL_Driver\Src\stm32f2xx_hal_rcc.o
 .ARM.attributes
                0x00000149       0x33 Src\main.o
 .ARM.attributes
                0x0000017c       0x33 Src\stm32f2xx_hal_msp.o
 .ARM.attributes
                0x000001af       0x33 Src\stm32f2xx_it.o
 .ARM.attributes
                0x000001e2       0x33 Src\system_stm32f2xx.o
 .ARM.attributes
                0x00000215       0x21 startup\startup_stm32f205xx.o
 .ARM.attributes
                0x00000236       0x2d c:/program files (x86)/atollic/truestudio for stm32 9.0.0/armtools/bin/../lib/gcc/arm-atollic-eabi/6.3.1/../../../../arm-atollic-eabi/lib/armv7-m\libc_nano.a(lib_a-init.o)
 .ARM.attributes
                0x00000263       0x1d c:/program files (x86)/atollic/truestudio for stm32 9.0.0/armtools/bin/../lib/gcc/arm-atollic-eabi/6.3.1/armv7-m\libgcc.a(_aeabi_uldivmod.o)
 .ARM.attributes
                0x00000280       0x2d c:/program files (x86)/atollic/truestudio for stm32 9.0.0/armtools/bin/../lib/gcc/arm-atollic-eabi/6.3.1/armv7-m\libgcc.a(_udivmoddi4.o)
 .ARM.attributes
                0x000002ad       0x1d c:/program files (x86)/atollic/truestudio for stm32 9.0.0/armtools/bin/../lib/gcc/arm-atollic-eabi/6.3.1/armv7-m\libgcc.a(_dvmd_tls.o)
 .ARM.attributes
                0x000002ca       0x1d c:/program files (x86)/atollic/truestudio for stm32 9.0.0/armtools/bin/../lib/gcc/arm-atollic-eabi/6.3.1/armv7-m/crtn.o
OUTPUT(can_autogen.elf elf32-littlearm)

.debug_info     0x00000000     0xa278
 .debug_info    0x00000000     0x1167 Drivers\STM32F2xx_HAL_Driver\Src\stm32f2xx_hal.o
 .debug_info    0x00001167     0x1463 Drivers\STM32F2xx_HAL_Driver\Src\stm32f2xx_hal_can.o
 .debug_info    0x000025ca     0x1730 Drivers\STM32F2xx_HAL_Driver\Src\stm32f2xx_hal_cortex.o
 .debug_info    0x00003cfa      0xf88 Drivers\STM32F2xx_HAL_Driver\Src\stm32f2xx_hal_gpio.o
 .debug_info    0x00004c82     0x14d1 Drivers\STM32F2xx_HAL_Driver\Src\stm32f2xx_hal_rcc.o
 .debug_info    0x00006153     0x150e Src\main.o
 .debug_info    0x00007661     0x14a1 Src\stm32f2xx_hal_msp.o
 .debug_info    0x00008b02      0x9de Src\stm32f2xx_it.o
 .debug_info    0x000094e0      0xd1c Src\system_stm32f2xx.o
 .debug_info    0x0000a1fc       0x7c startup\startup_stm32f205xx.o

.debug_abbrev   0x00000000     0x18d4
 .debug_abbrev  0x00000000      0x324 Drivers\STM32F2xx_HAL_Driver\Src\stm32f2xx_hal.o
 .debug_abbrev  0x00000324      0x31c Drivers\STM32F2xx_HAL_Driver\Src\stm32f2xx_hal_can.o
 .debug_abbrev  0x00000640      0x3a2 Drivers\STM32F2xx_HAL_Driver\Src\stm32f2xx_hal_cortex.o
 .debug_abbrev  0x000009e2      0x268 Drivers\STM32F2xx_HAL_Driver\Src\stm32f2xx_hal_gpio.o
 .debug_abbrev  0x00000c4a      0x375 Drivers\STM32F2xx_HAL_Driver\Src\stm32f2xx_hal_rcc.o
 .debug_abbrev  0x00000fbf      0x2ee Src\main.o
 .debug_abbrev  0x000012ad      0x24e Src\stm32f2xx_hal_msp.o
 .debug_abbrev  0x000014fb      0x1fd Src\stm32f2xx_it.o
 .debug_abbrev  0x000016f8      0x1ca Src\system_stm32f2xx.o
 .debug_abbrev  0x000018c2       0x12 startup\startup_stm32f205xx.o

.debug_loc      0x00000000     0x1822
 .debug_loc     0x00000000       0x91 Drivers\STM32F2xx_HAL_Driver\Src\stm32f2xx_hal.o
 .debug_loc     0x00000091      0x91f Drivers\STM32F2xx_HAL_Driver\Src\stm32f2xx_hal_can.o
 .debug_loc     0x000009b0      0x48c Drivers\STM32F2xx_HAL_Driver\Src\stm32f2xx_hal_cortex.o
 .debug_loc     0x00000e3c      0x3cd Drivers\STM32F2xx_HAL_Driver\Src\stm32f2xx_hal_gpio.o
 .debug_loc     0x00001209      0x4b0 Drivers\STM32F2xx_HAL_Driver\Src\stm32f2xx_hal_rcc.o
 .debug_loc     0x000016b9       0x4d Src\stm32f2xx_hal_msp.o
 .debug_loc     0x00001706      0x11c Src\system_stm32f2xx.o

.debug_aranges  0x00000000      0x3c8
 .debug_aranges
                0x00000000       0xc0 Drivers\STM32F2xx_HAL_Driver\Src\stm32f2xx_hal.o
 .debug_aranges
                0x000000c0       0x88 Drivers\STM32F2xx_HAL_Driver\Src\stm32f2xx_hal_can.o
 .debug_aranges
                0x00000148       0xa8 Drivers\STM32F2xx_HAL_Driver\Src\stm32f2xx_hal_cortex.o
 .debug_aranges
                0x000001f0       0x58 Drivers\STM32F2xx_HAL_Driver\Src\stm32f2xx_hal_gpio.o
 .debug_aranges
                0x00000248       0x88 Drivers\STM32F2xx_HAL_Driver\Src\stm32f2xx_hal_rcc.o
 .debug_aranges
                0x000002d0       0x30 Src\main.o
 .debug_aranges
                0x00000300       0x30 Src\stm32f2xx_hal_msp.o
 .debug_aranges
                0x00000330       0x48 Src\stm32f2xx_it.o
 .debug_aranges
                0x00000378       0x28 Src\system_stm32f2xx.o
 .debug_aranges
                0x000003a0       0x28 startup\startup_stm32f205xx.o

.debug_ranges   0x00000000      0x580
 .debug_ranges  0x00000000       0xb0 Drivers\STM32F2xx_HAL_Driver\Src\stm32f2xx_hal.o
 .debug_ranges  0x000000b0       0x90 Drivers\STM32F2xx_HAL_Driver\Src\stm32f2xx_hal_can.o
 .debug_ranges  0x00000140      0x140 Drivers\STM32F2xx_HAL_Driver\Src\stm32f2xx_hal_cortex.o
 .debug_ranges  0x00000280       0x78 Drivers\STM32F2xx_HAL_Driver\Src\stm32f2xx_hal_gpio.o
 .debug_ranges  0x000002f8      0x178 Drivers\STM32F2xx_HAL_Driver\Src\stm32f2xx_hal_rcc.o
 .debug_ranges  0x00000470       0x60 Src\main.o
 .debug_ranges  0x000004d0       0x40 Src\stm32f2xx_hal_msp.o
 .debug_ranges  0x00000510       0x38 Src\stm32f2xx_it.o
 .debug_ranges  0x00000548       0x18 Src\system_stm32f2xx.o
 .debug_ranges  0x00000560       0x20 startup\startup_stm32f205xx.o

.debug_line     0x00000000     0x28a2
 .debug_line    0x00000000      0x462 Drivers\STM32F2xx_HAL_Driver\Src\stm32f2xx_hal.o
 .debug_line    0x00000462      0x864 Drivers\STM32F2xx_HAL_Driver\Src\stm32f2xx_hal_can.o
 .debug_line    0x00000cc6      0x4e8 Drivers\STM32F2xx_HAL_Driver\Src\stm32f2xx_hal_cortex.o
 .debug_line    0x000011ae      0x495 Drivers\STM32F2xx_HAL_Driver\Src\stm32f2xx_hal_gpio.o
 .debug_line    0x00001643      0x64a Drivers\STM32F2xx_HAL_Driver\Src\stm32f2xx_hal_rcc.o
 .debug_line    0x00001c8d      0x33d Src\main.o
 .debug_line    0x00001fca      0x30d Src\stm32f2xx_hal_msp.o
 .debug_line    0x000022d7      0x2d1 Src\stm32f2xx_it.o
 .debug_line    0x000025a8      0x27b Src\system_stm32f2xx.o
 .debug_line    0x00002823       0x7f startup\startup_stm32f205xx.o

.debug_str      0x00000000     0x1d40
 .debug_str     0x00000000      0xe35 Drivers\STM32F2xx_HAL_Driver\Src\stm32f2xx_hal.o
                                0xedc (size before relaxing)
 .debug_str     0x00000e35      0x529 Drivers\STM32F2xx_HAL_Driver\Src\stm32f2xx_hal_can.o
                                0xc02 (size before relaxing)
 .debug_str     0x0000135e      0x3d4 Drivers\STM32F2xx_HAL_Driver\Src\stm32f2xx_hal_cortex.o
                               0x105c (size before relaxing)
 .debug_str     0x00001732      0x1de Drivers\STM32F2xx_HAL_Driver\Src\stm32f2xx_hal_gpio.o
                                0x948 (size before relaxing)
 .debug_str     0x00001910      0x2d0 Drivers\STM32F2xx_HAL_Driver\Src\stm32f2xx_hal_rcc.o
                                0xb0f (size before relaxing)
 .debug_str     0x00001be0       0x5a Src\main.o
                               0x10e8 (size before relaxing)
 .debug_str     0x00001c3a       0x1b Src\stm32f2xx_hal_msp.o
                                0xfcc (size before relaxing)
 .debug_str     0x00001c55       0xa6 Src\stm32f2xx_it.o
                                0x6cf (size before relaxing)
 .debug_str     0x00001cfb       0x45 Src\system_stm32f2xx.o
                                0x7ac (size before relaxing)

.comment        0x00000000       0x7c
 .comment       0x00000000       0x7c Drivers\STM32F2xx_HAL_Driver\Src\stm32f2xx_hal.o
                                 0x7d (size before relaxing)
 .comment       0x0000007c       0x7d Drivers\STM32F2xx_HAL_Driver\Src\stm32f2xx_hal_can.o
 .comment       0x0000007c       0x7d Drivers\STM32F2xx_HAL_Driver\Src\stm32f2xx_hal_cortex.o
 .comment       0x0000007c       0x7d Drivers\STM32F2xx_HAL_Driver\Src\stm32f2xx_hal_gpio.o
 .comment       0x0000007c       0x7d Drivers\STM32F2xx_HAL_Driver\Src\stm32f2xx_hal_rcc.o
 .comment       0x0000007c       0x7d Src\main.o
 .comment       0x0000007c       0x7d Src\stm32f2xx_hal_msp.o
 .comment       0x0000007c       0x7d Src\stm32f2xx_it.o
 .comment       0x0000007c       0x7d Src\system_stm32f2xx.o

.debug_frame    0x00000000      0x8e8
 .debug_frame   0x00000000      0x194 Drivers\STM32F2xx_HAL_Driver\Src\stm32f2xx_hal.o
 .debug_frame   0x00000194      0x1bc Drivers\STM32F2xx_HAL_Driver\Src\stm32f2xx_hal_can.o
 .debug_frame   0x00000350      0x158 Drivers\STM32F2xx_HAL_Driver\Src\stm32f2xx_hal_cortex.o
 .debug_frame   0x000004a8       0xd8 Drivers\STM32F2xx_HAL_Driver\Src\stm32f2xx_hal_gpio.o
 .debug_frame   0x00000580      0x14c Drivers\STM32F2xx_HAL_Driver\Src\stm32f2xx_hal_rcc.o
 .debug_frame   0x000006cc       0x58 Src\main.o
 .debug_frame   0x00000724       0x54 Src\stm32f2xx_hal_msp.o
 .debug_frame   0x00000778       0xac Src\stm32f2xx_it.o
 .debug_frame   0x00000824       0x38 Src\system_stm32f2xx.o
 .debug_frame   0x0000085c       0x2c c:/program files (x86)/atollic/truestudio for stm32 9.0.0/armtools/bin/../lib/gcc/arm-atollic-eabi/6.3.1/../../../../arm-atollic-eabi/lib/armv7-m\libc_nano.a(lib_a-init.o)
 .debug_frame   0x00000888       0x2c c:/program files (x86)/atollic/truestudio for stm32 9.0.0/armtools/bin/../lib/gcc/arm-atollic-eabi/6.3.1/armv7-m\libgcc.a(_aeabi_uldivmod.o)
 .debug_frame   0x000008b4       0x34 c:/program files (x86)/atollic/truestudio for stm32 9.0.0/armtools/bin/../lib/gcc/arm-atollic-eabi/6.3.1/armv7-m\libgcc.a(_udivmoddi4.o)
