stm32f2xx_hal_pwr.c:108:6:HAL_PWR_DeInit	0	static
stm32f2xx_hal_pwr.c:121:6:HAL_PWR_EnableBkUpAccess	0	static
stm32f2xx_hal_pwr.c:133:6:HAL_PWR_DisableBkUpAccess	0	static
stm32f2xx_hal_pwr.c:266:6:HAL_PWR_ConfigPVD	0	static
stm32f2xx_hal_pwr.c:309:6:HAL_PWR_EnablePVD	0	static
stm32f2xx_hal_pwr.c:318:6:HAL_PWR_DisablePVD	0	static
stm32f2xx_hal_pwr.c:330:6:HAL_PWR_EnableWakeUpPin	0	static
stm32f2xx_hal_pwr.c:346:6:HAL_PWR_DisableWakeUpPin	0	static
stm32f2xx_hal_pwr.c:375:6:HAL_PWR_EnterSLEEPMode	0	static
stm32f2xx_hal_pwr.c:421:6:HAL_PWR_EnterSTOPMode	0	static
stm32f2xx_hal_pwr.c:460:6:HAL_PWR_EnterSTANDBYMode	0	static
stm32f2xx_hal_pwr.c:498:13:HAL_PWR_PVDCallback	0	static
stm32f2xx_hal_pwr.c:481:6:HAL_PWR_PVD_IRQHandler	8	static
stm32f2xx_hal_pwr.c:513:6:HAL_PWR_EnableSleepOnExit	0	static
stm32f2xx_hal_pwr.c:525:6:HAL_PWR_DisableSleepOnExit	0	static
stm32f2xx_hal_pwr.c:537:6:HAL_PWR_EnableSEVOnPend	0	static
stm32f2xx_hal_pwr.c:549:6:HAL_PWR_DisableSEVOnPend	0	static
