stm32f2xx_hal_rcc.c:237:19:HAL_RCC_DeInit	16	static
stm32f2xx_hal_rcc.c:359:19:HAL_RCC_OscConfig	32	static
stm32f2xx_hal_rcc.c:868:6:HAL_RCC_MCOConfig	48	static
stm32f2xx_hal_rcc.c:922:6:HAL_RCC_EnableCSS	0	static
stm32f2xx_hal_rcc.c:931:6:HAL_RCC_DisableCSS	0	static
stm32f2xx_hal_rcc.c:966:10:HAL_RCC_GetSysClockFreq	8	static
stm32f2xx_hal_rcc.c:687:19:HAL_RCC_ClockConfig	24	static
stm32f2xx_hal_rcc.c:1022:10:HAL_RCC_GetHCLKFreq	0	static
stm32f2xx_hal_rcc.c:1033:10:HAL_RCC_GetPCLK1Freq	0	static
stm32f2xx_hal_rcc.c:1045:10:HAL_RCC_GetPCLK2Freq	0	static
stm32f2xx_hal_rcc.c:1058:6:HAL_RCC_GetOscConfig	8	static
stm32f2xx_hal_rcc.c:1137:6:HAL_RCC_GetClockConfig	0	static
stm32f2xx_hal_rcc.c:1180:13:HAL_RCC_CSSCallback	0	static
stm32f2xx_hal_rcc.c:1163:6:HAL_RCC_NMI_IRQHandler	8	static
