stm32f2xx_hal_can.c:349:19:HAL_CAN_ConfigFilter	12	static
stm32f2xx_hal_can.c:486:13:HAL_CAN_MspInit	0	static
stm32f2xx_hal_can.c:166:19:HAL_CAN_Init	16	static
stm32f2xx_hal_can.c:501:13:HAL_CAN_MspDeInit	0	static
stm32f2xx_hal_can.c:453:19:HAL_CAN_DeInit	8	static
stm32f2xx_hal_can.c:538:19:HAL_CAN_Transmit	32	static
stm32f2xx_hal_can.c:678:19:HAL_CAN_Transmit_IT	20	static
stm32f2xx_hal_can.c:794:19:HAL_CAN_Receive	24	static
stm32f2xx_hal_can.c:982:19:HAL_CAN_Receive_IT	8	static
stm32f2xx_hal_can.c:1086:19:HAL_CAN_Sleep	16	static
stm32f2xx_hal_can.c:1141:19:HAL_CAN_WakeUp	16	static
stm32f2xx_hal_can.c:1384:13:HAL_CAN_TxCpltCallback	0	static
stm32f2xx_hal_can.c:1399:13:HAL_CAN_RxCpltCallback	0	static
stm32f2xx_hal_can.c:1522:26:CAN_Receive_IT	16	static
stm32f2xx_hal_can.c:1414:13:HAL_CAN_ErrorCallback	0	static
stm32f2xx_hal_can.c:1193:6:HAL_CAN_IRQHandler	16	static
stm32f2xx_hal_can.c:1449:22:HAL_CAN_GetState	0	static
stm32f2xx_hal_can.c:1461:10:HAL_CAN_GetError	0	static
